[sexchates.mystrikingly.com/blog/free-live-sex-cams-and-live-porn-adult-sex-chat.html]
[backblue.gif]
[fade.gif]
[index.html]
[static-assets.strikinglycdn.com/v4/blog.show.f75e3c323ee51fea1539.bundle.css]
[www.google-analytics.com/analytics.js]
[static-assets.strikinglycdn.com/themes/ion/main_v4.843928050b4f46fc6b0b.bundle.css]
[uploads.strikinglycdn.com/static/backgrounds/nature/t194.jpg]
[user-images.strikinglycdn.com/res/hrscywv4p/image/upload/c_limit,fl_lossy,h_9000,w_1200,f_auto,q_auto/5769598/534155_869793.jpg]
[user-images.strikinglycdn.com/res/hrscywv4p/image/upload/c_limit,fl_lossy,h_9000,w_1200,f_auto,q_auto/5769598/618651_927465.jpg]
[user-images.strikinglycdn.com/res/hrscywv4p/image/upload/c_limit,fl_lossy,h_9000,w_1200,f_auto,q_auto/5769598/279001_169508.jpg]
[static-assets.strikinglycdn.com/images/blog/small-s-icon.png]
[static-assets.strikinglycdn.com/jquery-f4e2137d267f77818d966e03df031337a38003039d43f15029422ddd171e14c4.js]
[static-assets.strikinglycdn.com/i18n-2ace11ac644d0b40fb8b7cb65e9dd1e553022750e0254118dacbe1fe50735e97.js]
[static-assets.strikinglycdn.com/webpack/site-dll.095b61cec594f7b7e35d.js]
[sexchates.mystrikingly.com/blog/free-live-sex-cams-and-live-porn-adult-sex-chat.html]
[static-assets.strikinglycdn.com/v4/blog.show.f75e3c323ee51fea1539.bundle.css]
[static-assets.strikinglycdn.com/themes/ion/main_v4.843928050b4f46fc6b0b.bundle.css]
[static-assets.strikinglycdn.com/webpack/blog_show-site-bundle.79dc9eb01bd64d6c957c.js]
